// Jest Snapshot v1, https://goo.gl/fbAQLP

exports[`should render DashboardPage correctly 1`] = `
<div>
  <p>
    CURRENT GOAL - 
  </p>
</div>
`;
